// Jest Snapshot v1, https://goo.gl/fbAQLP

exports[`MyComponent should render correctly in "debug" mode 1`] = `
<Router
  basename="/"
  history={
    Object {
      "action": "POP",
      "block": [Function],
      "createHref": [Function],
      "go": [Function],
      "goBack": [Function],
      "goForward": [Function],
      "length": 1,
      "listen": [Function],
      "location": Object {
        "hash": "",
        "pathname": "/",
        "search": "",
        "state": undefined,
      },
      "push": [Function],
      "replace": [Function],
    }
  }
>
  <Switch>
    <Route
      component={[Function]}
      path="/login"
    />
    <Route
      component={[Function]}
      path="/signup"
    />
    <Route
      component={[Function]}
      path="/resetpassword"
    />
    <Route
      component={[Function]}
      path="/Dashboard"
    />
    <Route
      exact={true}
      path="/"
    >
      <Component />
    </Route>
    <Route
      component={[Function]}
    />
  </Switch>
</Router>
`;
